working/Sparta/bin/mips_simulator: 1: working/Sparta/bin/mips_simulator: Syntax error: "(" unexpected
